[backblue.gif]
[fade.gif]
[index.html]
[www.iasonatcon2024.com/assets/img/favicon.png]
[www.iasonatcon2024.com/assets/img/iaso-with-logo.png]
[www.iasonatcon2024.com/assets/img/WEBSITE-HEADER.jpg]
[www.iasonatcon2024.com/assets/img/become-member.jpg]
[www.iasonatcon2024.com/assets/img/Place-to-visit.jpg]
[www.iasonatcon2024.com/assets/img/Executive-Committee/SC-Deo.jpg]
[www.iasonatcon2024.com/assets/PDF/Conference-Brochure.pdf]
[www.iasonatcon2024.com/assets/img/download-brochure.png]
[www.iasonatcon2024.com/assets/PDF/Natcon-Sponsorship-Brochure.pdf]
[www.iasonatcon2024.com/assets/img/sponsorship-download.png]
[www.iasonatcon2024.com/assets/img/Executive-Committee/Prafull.jpg]
[www.iasonatcon2024.com/assets/img/Executive-Committee/sarad-desai.jpg]
[www.iasonatcon2024.com/assets/img/Executive-Committee/T-Shubaramanium-rao.jpg]
[www.iasonatcon2024.com/assets/img/Executive-Committee/rudra-prasad.jpg]
[www.iasonatcon2024.com/assets/img/Executive-Committee/chander-mohan.jpg]
[www.iasonatcon2024.com/assets/img/Executive-Committee/shaikat-Gupta.jpg]
[www.iasonatcon2024.com/assets/img/Executive-Committee/Ashutosh-Mishra.jpg]
[www.iasonatcon2024.com/assets/img/Executive-Committee/dilip-mudly.jpg]
[www.iasonatcon2024.com/assets/img/Executive-Committee/Arnab.jpg]
[www.iasonatcon2024.com/assets/img/Executive-Committee/devendra-Parik.jpg]
[www.iasonatcon2024.com/assets/img/Executive-Committee/Manish-Bhandari.jpg]
[www.iasonatcon2024.com/assets/img/Executive-Committee/pankaj-kumar-garg.jpg]
[www.iasonatcon2024.com/assets/img/Executive-Committee/manisha-patnaik.jpg]
[www.iasonatcon2024.com/assets/img/Executive-Committee/ramesh.jpg]
[www.iasonatcon2024.com/assets/img/Executive-Committee/narender-hulkul.jpg]
[www.iasonatcon2024.com/assets/img/Organize-committee/Vijay-Kumar-M.jpg]
[www.iasonatcon2024.com/assets/img/Organize-committee/Gopinath-KS.jpg]
[www.iasonatcon2024.com/assets/img/Organize-committee/Venketesh-Kala.jpg]
[www.iasonatcon2024.com/assets/img/Organize-committee/Shrinivasan.jpg]
[www.iasonatcon2024.com/assets/img/Organize-committee/MS-Ganesh.jpg]
[www.iasonatcon2024.com/assets/img/Organize-committee/somshekar-sp.jpg]
[www.iasonatcon2024.com/assets/img/venue.jpg]
[www.iasonatcon2024.com/assets/img/alpcord-logo.png]
[www.iasonatcon2024.com/assets/vendor/aos/aos.js]
[www.iasonatcon2024.com/assets/vendor/bootstrap/js/bootstrap.bundle.min.js]
[www.iasonatcon2024.com/assets/vendor/glightbox/js/glightbox.min.js]
[www.iasonatcon2024.com/assets/vendor/isotope-layout/isotope.pkgd.min.js]
[www.iasonatcon2024.com/assets/vendor/waypoints/noframework.waypoints.js]
[www.iasonatcon2024.com/assets/js/main.js]
[www.iasonatcon2024.com/index.html]
[www.iasonatcon2024.com/assets/img/apple-touch-icon.html]
[www.iasonatcon2024.com/assets/vendor/bootstrap/css/bootstrap.min.css]
[www.iasonatcon2024.com/assets/vendor/bootstrap-icons/fonts/bootstrap-iconsafdf.woff2]
[www.iasonatcon2024.com/assets/vendor/bootstrap-icons/fonts/bootstrap-iconsafdf.woff]
[www.iasonatcon2024.com/assets/vendor/bootstrap-icons/bootstrap-icons.css]
[www.iasonatcon2024.com/assets/css/style.css]
[www.iasonatcon2024.com/assets/css/swc.html]
[www.iasonatcon2024.com/index-2.html]
[www.iasonatcon2024.com/assets/vendor/swiper/swiper-bundle.min.js]
[www.iasonatcon2024.com/assets/vendor/php-email-form/validate.js]
[www.iasonatcon2024.com/About-IASO.html]
[www.iasonatcon2024.com/assets/img/Organize-committee/Chandershekara.jpg]
[www.iasonatcon2024.com/assets/img/Organize-committee/RP-Deo.jpg]
[www.iasonatcon2024.com/assets/img/Organize-committee/Munnireddy-M.jpg]
[www.iasonatcon2024.com/assets/img/Organize-committee/Prabhakaran-PS.jpg]
[www.iasonatcon2024.com/assets/img/Organize-committee/Ramachander-C.jpg]
[www.iasonatcon2024.com/assets/img/Organize-committee/Srinath-BS.jpg]
[www.iasonatcon2024.com/assets/img/Organize-committee/Vijay-Lakshmi-Deshmukh.jpg]
[www.iasonatcon2024.com/assets/img/Organize-committee/krishnamurthy.jpg]
[www.iasonatcon2024.com/assets/img/Organize-committee/virender-kumar.jpg]
[www.iasonatcon2024.com/assets/img/Organize-committee/Mahesh-KB.jpg]
[www.iasonatcon2024.com/assets/img/Organize-committee/rajashekar.jpg]
[www.iasonatcon2024.com/assets/img/Scientific-Committee/MS-Ganesh.jpg]
[www.iasonatcon2024.com/assets/img/Scientific-Committee/Ravi-Arjuna.jpg]
[www.iasonatcon2024.com/assets/img/Scientific-Committee/shaber.jpg]
[www.iasonatcon2024.com/assets/img/Scientific-Committee/somshekar-sp.jpg]
[www.iasonatcon2024.com/assets/img/Scientific-Committee/Harish-K.jpg]
[www.iasonatcon2024.com/assets/img/Scientific-Committee/sandeep-nayak.jpg]
[www.iasonatcon2024.com/assets/img/Scientific-Committee/Dinesh.jpg]
[www.iasonatcon2024.com/assets/img/Scientific-Committee/vishnu-kurpad.jpg]
[www.iasonatcon2024.com/assets/img/Scientific-Committee/pavan-sugor.jpg]
[www.iasonatcon2024.com/assets/img/Scientific-Committee/Rakesh-Ramesh.jpg]
[www.iasonatcon2024.com/assets/img/Scientific-Committee/anil-kamath.jpg]
[www.iasonatcon2024.com/assets/img/Scientific-Committee/syed-atlaf.jpg]
[www.iasonatcon2024.com/assets/img/Scientific-Committee/prabhu.jpg]
[www.iasonatcon2024.com/assets/img/Scientific-Committee/manjunath-Kv.jpg]
[www.iasonatcon2024.com/assets/img/Scientific-Committee/Arun-HN.jpg]
[www.iasonatcon2024.com/assets/img/Scientific-Committee/jaganath-dixit.jpg]
[www.iasonatcon2024.com/assets/img/Scientific-Committee/rajeev.jpg]
[www.iasonatcon2024.com/assets/img/Scientific-Committee/suraj-manjunath.jpg]
[www.iasonatcon2024.com/assets/img/Scientific-Committee/Prakash-BV.jpg]
[www.iasonatcon2024.com/Committee.html]
[www.iasonatcon2024.com/Scientific-Program.html]
[www.iasonatcon2024.com/Comming-Soon.html]
[www.iasonatcon2024.com/Award-Fellowship.html]
[www.iasonatcon2024.com/Awards.html]
[www.iasonatcon2024.com/Abstract-guidlines.html]
[www.iasonatcon2024.com/Tour.html]
[www.iasonatcon2024.com/Visa.html]
[www.iasonatcon2024.com/sponsorship.html]
[www.iasonatcon2024.com/Registration.html]
[www.iasonatcon2024.com/assets/img/clark.jpg]
[www.iasonatcon2024.com/assets/img/moxy.jpg]
[www.iasonatcon2024.com/Accomodation.html]
[www.iasonatcon2024.com/Contact-Us.html]
[www.iasonatcon2024.com/Venue.html]
[www.iasonatcon2024.com/assets/img/cta-bg.html]
[www.iasonatcon2024.com/Local-City-Tour.html]
[www.iasonatcon2024.com/assets/img/Tour/tipu-sultan.jpg]
[www.iasonatcon2024.com/assets/img/Tour/laal-bagh.jpg]
[www.iasonatcon2024.com/assets/img/Tour/wine.jpg]
[www.iasonatcon2024.com/assets/img/Tour/old-city-Bangalore.jpg]
[www.iasonatcon2024.com/assets/img/Tour/malleshwaram.jpg]
[www.iasonatcon2024.com/assets/img/Tour/two-cities.jpg]
[www.iasonatcon2024.com/assets/img/Tour/rural-eco-village.jpg]
[www.iasonatcon2024.com/assets/img/Tour/victoria.jpg]
[www.iasonatcon2024.com/assets/img/Tour/toy.jpg]
[www.iasonatcon2024.com/assets/img/Tour/tree.jpg]
[www.iasonatcon2024.com/assets/img/Tour/temple.jpg]
[www.iasonatcon2024.com/assets/img/Tour/melkot-temple.jpg]
[www.iasonatcon2024.com/Pre-Post-Tour.html]
